// Jest Snapshot v1, https://goo.gl/fbAQLP

exports[`<Item /> should match snapshot 1`] = `
<div
  className="product-item"
  style={
    Object {
      "padding": "15px",
    }
  }
>
  <Media>
    <Image
      src="test"
    />
    <Media
      body={true}
      style={
        Object {
          "marginLeft": "15px",
        }
      }
    >
      <Media
        heading={true}
      >
        <strong>
          name
        </strong>
      </Media>
      <div>
        Price: $
        1
      </div>
    </Media>
  </Media>
</div>
`;
